Thu Jan  1 00:00:00 1970
Sun Jan  1 00:00:00 1000
Sat Dec 31 23:59:60 9999
Sun Jan-99 00:00:00 -999
Sat Dec999 99:99:99 9999
