Year 69, Day of year: 332, Month 10, Day of month: 29, Day of week: 6, 0:0:0
Year 69, Day of year: 364, Month 11, Day of month: 31, Day of week: 3, 0:0:0
Year 69, Day of year: 364, Month 11, Day of month: 31, Day of week: 3, 23:59:59
Year 69, Day of year: 364, Month 11, Day of month: 31, Day of week: 3, 23:51:40
Year 70, Day of year: 0, Month 0, Day of month: 1, Day of week: 4, 0:0:0
Year 70, Day of year: 0, Month 0, Day of month: 1, Day of week: 4, 0:0:1
Year 118, Day of year: 193, Month 6, Day of month: 13, Day of week: 5, 4:9:10
Fri Jul 13 06:03:43 2018
Fri Jul 13 06:03:43 2018
