31536000
-2851200 = -2851200
-86400 = -86400
-500 = -500
0 = 0
1531454950 = 1531454950
