tzname[0] UTC, tzname[1] UTC, daylight 0, timezone 0
