err: Ran out of coffee: Owner died
err: Cat pulled out your ethernet cable
err: Eat 42 cookies: Permission denied
err: Potato, krumpli: Invalid exchange
err: I'm sorry, Dave. I'm afraid I can't do that.: Operation not permitted
err: Bye. It's crowded.: Too many users
