E2BIG macro available
EACCES macro available
EADDRINUSE macro available
EADDRNOTAVAIL macro available
EADV macro available
EAFNOSUPPORT macro available
EAGAIN macro available
EALREADY macro available
EBADE macro available
EBADF macro available
EBADFD macro available
EBADMSG macro available
EBADR macro available
EBADRQC macro available
EBADSLT macro available
EBFONT macro available
EBUSY macro available
ECANCELED macro available
ECHILD macro available
ECHRNG macro available
ECOMM macro available
ECONNABORTED macro available
ECONNREFUSED macro available
ECONNRESET macro available
EDEADLK macro available
EDEADLOCK macro available
EDESTADDRREQ macro available
EDOM macro available
EDOTDOT macro available
EDQUOT macro available
EEXIST macro available
EFAULT macro available
EFBIG macro available
EHOSTDOWN macro available
EHOSTUNREACH macro available
EIDRM macro available
EILSEQ macro available
EINPROGRESS macro available
EINTR macro available
EINVAL macro available
EIO macro available
EISCONN macro available
EISDIR macro available
EISNAM macro available
EKEYEXPIRED macro available
EKEYREJECTED macro available
EKEYREVOKED macro available
EL2HLT macro available
EL2NSYNC macro available
EL3HLT macro available
EL3RST macro available
ELIBACC macro available
ELIBBAD macro available
ELIBEXEC macro available
ELIBMAX macro available
ELIBSCN macro available
ELNRNG macro available
ELOOP macro available
EMEDIUMTYPE macro available
EMFILE macro available
EMLINK macro available
EMSGSIZE macro available
EMULTIHOP macro available
ENAMETOOLONG macro available
ENAVAIL macro available
ENETDOWN macro available
ENETRESET macro available
ENETUNREACH macro available
ENFILE macro available
ENOANO macro available
ENOBUFS macro available
ENOCSI macro available
ENODATA macro available
ENODEV macro available
ENOENT macro available
ENOEXEC macro available
ENOKEY macro available
ENOLCK macro available
ENOLINK macro available
ENOMEDIUM macro available
ENOMEM macro available
ENOMSG macro available
ENONET macro available
ENOPKG macro available
ENOPROTOOPT macro available
ENOSPC macro available
ENOSR macro available
ENOSTR macro available
ENOSYS macro available
ENOTBLK macro available
ENOTCONN macro available
ENOTDIR macro available
ENOTEMPTY macro available
ENOTNAM macro available
ENOTRECOVERABLE macro available
ENOTSOCK macro available
ENOTSUP macro available
ENOTTY macro available
ENOTUNIQ macro available
ENXIO macro available
EOPNOTSUPP macro available
EOVERFLOW macro available
EOWNERDEAD macro available
EPERM macro available
EPFNOSUPPORT macro available
EPIPE macro available
EPROTO macro available
EPROTONOSUPPORT macro available
EPROTOTYPE macro available
ERANGE macro available
EREMCHG macro available
EREMOTE macro available
EREMOTEIO macro available
ERESTART macro available
EROFS macro available
ESHUTDOWN macro available
ESOCKTNOSUPPORT macro available
ESPIPE macro available
ESRCH macro available
ESRMNT macro available
ESTALE macro available
ESTRPIPE macro available
ETIME macro available
ETIMEDOUT macro available
ETOOMANYREFS macro available
ETXTBSY macro available
EUCLEAN macro available
EUNATCH macro available
EUSERS macro available
EWOULDBLOCK macro available
EXDEV macro available
EXFULL macro available
./bins_static/errno
./bins_static/errno
errno
changed to argv[0]
changed to program_invocation_name
changed to program_invocation_short_name
