constructor (101)
constructor (102)
constructor (103)
constructor (104)
constructor (no priority)
main
