main
destructor (no priority)
destructor (104)
destructor (103)
destructor (102)
destructor (101)
