err: Dang it, Bobby.: No such file or directory
Exiting due to error code: 87
