errno: 2 = No such file or directory
errno: 2 = No such file or directory, return: 0
errno: 2 = No, return: 34
errno: 2 = , return: 34
