dirname("") == "."
basename("") == "."
dirname(".") == "."
basename(".") == "."
dirname("..") == "."
basename("..") == ".."
dirname("/") == "/"
basename("/") == "/"
dirname("///") == "/"
basename("///") == "/"
dirname("//usr//lib//") == "//usr"
basename("//usr//lib//") == "lib"
dirname("/usr") == "/"
basename("/usr") == "usr"
dirname("/usr/") == "/"
basename("/usr/") == "usr"
dirname("/usr/lib") == "/usr"
basename("/usr/lib") == "lib"
dirname(NULL) == "."
basename(NULL) == "."
Success: 0
