----- Pre-syscall -----
Wait...
Get regs
Set regs
Post-syscall
Wait...
----- Pre-syscall -----
Wait...
Get regs
Set regs
Post-syscall
Wait...
----- Pre-syscall -----
Wait...
Get regs
Set regs
Post-syscall
Wait...
----- Pre-syscall -----
Wait...
Get regs
Set regs
Post-syscall
Wait...
----- Pre-syscall -----
Wait...
Get regs
Post-syscall
Wait...
Child exited with status 0
