Matching group: 25 - 36
Matching group: 31 - 36
Matching group: -1 - -1
