SIGUSR2 handler00
SIGUSR2 handler01
SIGUSR2 handler02
SIGUSR2 handler03
SIGUSR2 handler04
SIGUSR2 handler05
SIGUSR2 handler06
SIGUSR2 handler07
SIGUSR2 handler08
SIGUSR2 handler09
SIGUSR2 handler10
SIGUSR2 handler11
SIGUSR2 handler12
SIGUSR2 handler13
SIGUSR2 handler14
SIGUSR2 handler15
SIGUSR2 handler16
SIGUSR2 handler17
SIGUSR2 handler18
SIGUSR2 handler19
SIGUSR2 handler20
SIGUSR2 handler21
SIGUSR2 handler22
SIGUSR2 handler23
SIGUSR2 handler24
SIGUSR2 handler25
SIGUSR2 handler26
SIGUSR2 handler27
SIGUSR2 handler28
SIGUSR2 handler29
SIGUSR2 handler30
SIGUSR2 handler31
SIGUSR2 handler32
SIGUSR2 handler33
SIGUSR2 handler34
SIGUSR2 handler35
SIGUSR2 handler36
SIGUSR2 handler37
SIGUSR2 handler38
SIGUSR2 handler39
SIGUSR2 handler40
SIGUSR2 handler41
SIGUSR2 handler42
SIGUSR2 handler43
SIGUSR2 handler44
SIGUSR2 handler45
SIGUSR2 handler46
SIGUSR2 handler47
SIGUSR2 handler48
SIGUSR2 handler49
SIGUSR2 handler50
SIGUSR2 handler51
SIGUSR2 handler52
SIGUSR2 handler53
SIGUSR2 handler54
SIGUSR2 handler55
SIGUSR2 handler56
SIGUSR2 handler57
SIGUSR2 handler58
SIGUSR2 handler59
SIGUSR2 handler60
SIGUSR2 handler61
SIGUSR2 handler62
SIGUSR2 handler63
SIGUSR2 handler64
SIGUSR2 handler65
SIGUSR2 handler66
SIGUSR2 handler67
SIGUSR2 handler68
SIGUSR2 handler69
SIGUSR2 handler70
SIGUSR2 handler71
SIGUSR2 handler72
SIGUSR2 handler73
SIGUSR2 handler74
SIGUSR2 handler75
SIGUSR2 handler76
SIGUSR2 handler77
SIGUSR2 handler78
SIGUSR2 handler79
SIGUSR2 handler80
SIGUSR2 handler81
SIGUSR2 handler82
SIGUSR2 handler83
SIGUSR2 handler84
SIGUSR2 handler85
SIGUSR2 handler86
SIGUSR2 handler87
SIGUSR2 handler88
SIGUSR2 handler89
SIGUSR2 handler90
SIGUSR2 handler91
SIGUSR2 handler92
SIGUSR2 handler93
SIGUSR2 handler94
SIGUSR2 handler95
SIGUSR2 handler96
SIGUSR2 handler97
SIGUSR2 handler98
SIGUSR2 handler99
SIGUSR2 handler00
