M_E = 2.7183
M_LOG2E = 1.4427
M_LOG10E = 0.4343
M_LN2 = 0.6931
M_LN10 = 2.3026
M_PI = 3.1416
M_PI_2 = 1.5708
M_PI_4 = 0.7854
M_1_PI = 0.3183
M_2_PI = 0.6366
M_2_SQRTPI = 1.1284
M_SQRT2 = 1.4142
M_SQRT1_2 = 0.7071
cos(3.140000) = -0.999999
