relibc_test: This is a test message with formatting: 5
relibc_test: Hank Hill
relibc_test: Foo has been bar'd
relibc_test: And now, Eeveelutions
relibc_test: Espeon
relibc_test: Umbreon
relibc_test: Sylveon
relibc_test: Glaceon
relibc_test: Leafeon
relibc_test: Vaporeon
relibc_test: Flareon
relibc_test: Jolteon
relibc_test: Bye from relibc's syslog tests!
