Correct a64l: azAZ9. = 194301926
Correct a64l: azA = 53222
l64a(0): 
l64a(1): /
l64a(2): 0
l64a(11): 9
l64a(12): A
l64a(37): Z
l64a(38): a
l64a(63): z
l64a(64): ./
l64a(65): //
l64a(4095): zz
l64a(4096): ../
l64a(262143): zzz
l64a(262144): .../
l64a(16777215): zzzz
l64a(16777216): ..../
l64a(1073741823): zzzzz
l64a(1073741824): ...../
l64a(2147483647): zzzzz/
a64l(l64a(0)): 0
a64l(l64a(1)): 1
a64l(l64a(2)): 2
a64l(l64a(11)): 11
a64l(l64a(12)): 12
a64l(l64a(37)): 37
a64l(l64a(38)): 38
a64l(l64a(63)): 63
a64l(l64a(64)): 64
a64l(l64a(65)): 65
a64l(l64a(4095)): 4095
a64l(l64a(4096)): 4096
a64l(l64a(262143)): 262143
a64l(l64a(262144)): 262144
a64l(l64a(16777215)): 16777215
a64l(l64a(16777216)): 16777216
a64l(l64a(1073741823)): 1073741823
a64l(l64a(1073741824)): 1073741824
a64l(l64a(2147483647)): 2147483647
l64a(x) (lower 32 bits of x are 1985229328): E61Jq/
a64l(l64a(x)) (lower 32 bits of x are 1985229328): 1985229328
