Start unchanged: 0
End unchanged: 0
Read & Write Successful
