67141780
201425341
201425341
67141780
264204
271585844
264204
271585844
