lrand48 (uninitialized): 0 2116118 89401895 379337186 782977366 196130996 198207689 1046291021 1131187612 975888346
drand48 (seeded with srand48): 0.750266 0.607593 0.567593 0.799563 0.984984 0.205670 0.625922 0.794426 0.369416 0.854100
lrand48 (seeded with srand48): 1611183183 1304796356 1218897288 1717049088 2115236938 441672110 1344158015 1706017430 793314380 1834165927
mrand48 (seeded with srand48): -1072600929 -1685374584 -1857172720 -860869119 -64493420 883344220 -1606651266 -882932436 1586628760 -626635441
erand48: 0.210555 0.014158 0.111353 0.658369 0.103767 0.180385 0.945033 0.745768 0.290272 0.111716
nrand48: 514983590 590935818 1480794144 1496813112 2133865028 1816766485 2095074020 126058208 909762120 14734916
jrand48: -1066398599 903693914 -1922375113 -2090140830 1218074962 1662411059 -722435322 764426686 -874142666 -1454656015
seed48_return: [40c0, 4d4f, daa6]
lrand48 (seeded with seed48): 386486647 2049879217 706208537 1265096744 1586830881 1884641178 1566935266 1256810805 875501172 1670187935
xsubi restored froom seed48 return value: [40c0, 4d4f, daa6]
nrand48 (from xsubi value returned by seed48): 1654466549 509433115 2007628085 1022767111 1935848687 967444157 1967758021 686622820 989863078 1688030308
lrand48 (with parameters from lcong48): 2015972364 2009368981 971134301 317520085 149004773 538917235 242519436 1066970146 991527304 1588277058
lrand48 (seeded with srand48 after lcong48 call): 1611183183 1304796356 1218897288 1717049088 2115236938 441672110 1344158015 1706017430 793314380 1834165927
lrand48 (seeded with seed48 after lcong48 call): 386486647 2049879217 706208537 1265096744 1586830881 1884641178 1566935266 1256810805 875501172 1670187935
