-42
555
1234567890
-42
555
1234567890
38acf
abcdef12
731
731
0
0
