This is a few one-byte chars: 1 2 a b
Long one-byte string: Hello World
This is a few multi-byte chars: ❤ R 😠 C
Long multi-byte string: 👉😎👉 Zoop!
