nptr = `10110134932`
wcstoumax = 10110134932
Stopped scan at ``
