The decimal equivalents are: 2001, 6340800, -3624224 and 7340031.
