1 2 3 9
9
16
35
48
92
109
152
201
241
276
293
299
301
