
Test suite completed:
  2265 test cases plus 2191 tests for exception flags executed.
  4 unexpected passes occurred.
  640 errors occurred.
