# mem #
Correct memchr
Correct memrchr
Correct memccpy
Correct memcmp
