strcpy works!
strncpy works!
strncpy shaaaaaaaaa
strlcpy works!
copied 14
strlcpy works! and strlcat!
copied 13
